// Jest Snapshot v1, https://goo.gl/fbAQLP

exports[`UnitIndex should render the Unit Index page 1`] = `ShallowWrapper {}`;
