// Jest Snapshot v1, https://goo.gl/fbAQLP

exports[`index matches the snapshot 1`] = `
<div
  className="sc-kpOJdX kwsYFu"
  onBlur={[Function]}
  onFocus={[Function]}
>
  <div
    className="sc-ifAKCX ieIOFQ"
  >
    <div />
    <a
      className="sc-htpNat irpShF"
      href="/"
      onClick={[Function]}
      sidebarDocked={false}
    >
      <div
        className="sc-bxivhb exnGOr"
      >
        <h1>
          CONVERTER
        </h1>
      </div>
    </a>
    <div />
    <a
      aria-current={null}
      className="sc-bdVaJa iElKrl"
      header={true}
      href="/help"
      onClick={[Function]}
      style={undefined}
    >
      <span>
        Help
      </span>
      <div
        className="sc-bwzfXH jEcYTv"
      >
        <svg
          height="20"
          style={
            Object {
              "display": "inline-block",
              "verticalAlign": "middle",
            }
          }
          viewBox="0 0 24 24"
          width="20"
        >
          <path
            d="M12 0c-6.627 0-12 5.373-12 12s5.373 12 12 12 12-5.373 12-12-5.373-12-12-12zm0 18.25c-.69 0-1.25-.56-1.25-1.25s.56-1.25 1.25-1.25c.691 0 1.25.56 1.25 1.25s-.559 1.25-1.25 1.25zm1.961-5.928c-.904.975-.947 1.514-.935 2.178h-2.005c-.007-1.475.02-2.125 1.431-3.468.573-.544 1.025-.975.962-1.821-.058-.805-.73-1.226-1.365-1.226-.709 0-1.538.527-1.538 2.013h-2.01c0-2.4 1.409-3.95 3.59-3.95 1.036 0 1.942.339 2.55.955.57.578.865 1.372.854 2.298-.016 1.383-.857 2.291-1.534 3.021z"
            style={
              Object {
                "fill": "currentcolor",
              }
            }
          />
        </svg>
      </div>
    </a>
    <a
      aria-current={null}
      className="sc-bdVaJa iElKrl"
      header={true}
      href="/about"
      onClick={[Function]}
      style={undefined}
    >
      <span>
        About
      </span>
      <div
        className="sc-bwzfXH jEcYTv"
      >
        <svg
          height="20"
          style={
            Object {
              "display": "inline-block",
              "verticalAlign": "middle",
            }
          }
          viewBox="0 0 24 24"
          width="20"
        >
          <path
            d="M12 0c-6.627 0-12 5.373-12 12s5.373 12 12 12 12-5.373 12-12-5.373-12-12-12zm-.001 5.75c.69 0 1.251.56 1.251 1.25s-.561 1.25-1.251 1.25-1.249-.56-1.249-1.25.559-1.25 1.249-1.25zm2.001 12.25h-4v-1c.484-.179 1-.201 1-.735v-4.467c0-.534-.516-.618-1-.797v-1h3v6.265c0 .535.517.558 1 .735v.999z"
            style={
              Object {
                "fill": "currentcolor",
              }
            }
          />
        </svg>
      </div>
    </a>
  </div>
  <div
    className="sc-htoDjs iGxids"
    tabIndex="0"
  >
    <div
      className="sc-EHOje hsfaRl"
    >
      <button
        className="jsx-3398886844 Burger BurgerSlider"
        onClick={[Function]}
      >
        <div
          className="jsx-3398886844 BurgerBox"
        >
          <div
            className="jsx-3398886844 BurgerInner"
          />
        </div>
      </button>
    </div>
    <a
      aria-current="page"
      className="sc-gzVnrw fgbHMM sc-bdVaJa kdDfjo active"
      href="/length"
      onClick={[Function]}
      style={Object {}}
    >
      <div
        className="sc-bZQynM dXgQaH"
      >
        <svg
          height="22"
          style={
            Object {
              "display": "inline-block",
              "verticalAlign": "middle",
            }
          }
          viewBox="0 0 24 24"
          width="22"
        >
          <path
            d="M24 16v-8h-24v8h24zm-22-6h2v2h1v-2h2v3h1v-3h2v2h1v-2h2v2h1v-2h2v3h1v-3h2v2h1v-2h2v4h-20v-4z"
            style={
              Object {
                "fill": "currentcolor",
              }
            }
          />
        </svg>
      </div>
      <div>
        Length
      </div>
    </a>
    <a
      aria-current={null}
      className="sc-gzVnrw fgbHMM sc-bdVaJa kdDfjo"
      href="/surfacearea"
      onClick={[Function]}
      style={undefined}
    >
      <div
        className="sc-bZQynM dXgQaH"
      >
        <svg
          height="22"
          style={
            Object {
              "display": "inline-block",
              "verticalAlign": "middle",
            }
          }
          viewBox="0 0 24 24"
          width="22"
        >
          <path
            d="M8 16v-16h-8v24h24v-8h-16zm-6-14h4v2h-2v1h2v2h-2v1h2v2h-2v1h2v2h-2v1h2v2h-4v-14zm0 20v-4h4v4h-4zm20 0h-14v-4h2v2h1v-2h2v2h1v-2h2v2h1v-2h2v2h1v-2h2v4z"
            style={
              Object {
                "fill": "currentcolor",
              }
            }
          />
        </svg>
      </div>
      <div>
        Surface Area
      </div>
    </a>
    <a
      aria-current={null}
      className="sc-gzVnrw fgbHMM sc-bdVaJa kdDfjo"
      href="/volume"
      onClick={[Function]}
      style={undefined}
    >
      <div
        className="sc-bZQynM dXgQaH"
      >
        <svg
          height="22"
          style={
            Object {
              "display": "inline-block",
              "verticalAlign": "middle",
            }
          }
          viewBox="0 0 24 24"
          width="22"
        >
          <path
            d="M12 0l-11 6v12.131l11 5.869 11-5.869v-12.066l-11-6.065zm7.91 6.646l-7.905 4.218-7.872-4.294 7.862-4.289 7.915 4.365zm-16.91 1.584l8 4.363v8.607l-8-4.268v-8.702zm10 12.97v-8.6l8-4.269v8.6l-8 4.269z"
            style={
              Object {
                "fill": "currentcolor",
              }
            }
          />
        </svg>
      </div>
      <div>
        Volume
      </div>
    </a>
    <a
      aria-current={null}
      className="sc-gzVnrw fgbHMM sc-bdVaJa kdDfjo"
      href="/liquidvolume"
      onClick={[Function]}
      style={undefined}
    >
      <div
        className="sc-bZQynM dXgQaH"
      >
        <svg
          height="22"
          style={
            Object {
              "display": "inline-block",
              "verticalAlign": "middle",
            }
          }
          viewBox="0 0 24 24"
          width="22"
        >
          <path
            d="M8 1c0-.552.448-1 1-1h6c.552 0 1 .448 1 1s-.448 1-1 1h-6c-.552 0-1-.448-1-1zm12.759 19.498l-3.743-7.856c-1.041-2.186-2.016-4.581-2.016-7.007v-1.635h-2v2c.09 2.711 1.164 5.305 2.21 7.502l3.743 7.854c.143.302-.068.644-.376.644h-1.497l-4.377-9h-3.682c.882-1.908 1.886-4.377 1.973-7l.006-2h-2v1.635c0 2.426-.975 4.82-2.016 7.006l-3.743 7.856c-.165.348-.241.708-.241 1.058 0 1.283 1.023 2.445 2.423 2.445h13.154c1.4 0 2.423-1.162 2.423-2.446 0-.35-.076-.709-.241-1.056z"
            style={
              Object {
                "fill": "currentcolor",
              }
            }
          />
        </svg>
      </div>
      <div>
        Liquid Volume
      </div>
    </a>
    <a
      aria-current={null}
      className="sc-gzVnrw fgbHMM sc-bdVaJa kdDfjo"
      href="/angles"
      onClick={[Function]}
      style={undefined}
    >
      <div
        className="sc-bZQynM dXgQaH"
      >
        <svg
          height="22"
          style={
            Object {
              "display": "inline-block",
              "verticalAlign": "middle",
            }
          }
          viewBox="0 0 24 24"
          width="22"
        >
          <path
            d="M12 4c-6.627 0-12 5.373-12 12v4h24v-4c0-6.627-5.373-12-12-12zm10 14h-2v-2h-1v2h-2v-3h-1v3h-2v-2h-1v2h-2v-2h-1v2h-2v-3h-1v3h-2v-2h-1v2h-2v-2c0-5.514 4.486-10 10-10s10 4.486 10 10v2zm-10-9c-3.17 0-5.845 2.109-6.706 5h13.412c-.861-2.891-3.536-5-6.706-5zm-2.986 3c.845-.632 1.888-1 2.986-1s2.141.368 2.986 1h-5.972z"
            style={
              Object {
                "fill": "currentcolor",
              }
            }
          />
        </svg>
      </div>
      <div>
        Angles
      </div>
    </a>
    <a
      aria-current={null}
      className="sc-gzVnrw fgbHMM sc-bdVaJa kdDfjo"
      href="/time"
      onClick={[Function]}
      style={undefined}
    >
      <div
        className="sc-bZQynM dXgQaH"
      >
        <svg
          height="22"
          style={
            Object {
              "display": "inline-block",
              "verticalAlign": "middle",
            }
          }
          viewBox="0 0 24 24"
          width="22"
        >
          <path
            d="M12 2c5.514 0 10 4.486 10 10s-4.486 10-10 10-10-4.486-10-10 4.486-10 10-10zm0-2c-6.627 0-12 5.373-12 12s5.373 12 12 12 12-5.373 12-12-5.373-12-12-12zm5.848 12.459c.202.038.202.333.001.372-1.907.361-6.045 1.111-6.547 1.111-.719 0-1.301-.582-1.301-1.301 0-.512.77-5.447 1.125-7.445.034-.192.312-.181.343.014l.985 6.238 5.394 1.011z"
            style={
              Object {
                "fill": "currentcolor",
              }
            }
          />
        </svg>
      </div>
      <div>
        Time
      </div>
    </a>
    <a
      aria-current={null}
      className="sc-gzVnrw fgbHMM sc-bdVaJa kdDfjo"
      href="/frequency"
      onClick={[Function]}
      style={undefined}
    >
      <div
        className="sc-bZQynM dXgQaH"
      >
        <svg
          height="22"
          style={
            Object {
              "display": "inline-block",
              "verticalAlign": "middle",
            }
          }
          viewBox="0 0 24 24"
          width="22"
        >
          <path
            d="M19.803 13.207l-.829 1.093-1.554-3.826c-.077-.189-.244-.306-.437-.306-.157 0-.356.084-.444.321l-1.356 3.664-1.872-8.759c-.062-.291-.288-.394-.462-.394-.203 0-.428.131-.473.424l-1.629 10.581-1.658-6.968c-.067-.282-.291-.382-.463-.382-.167 0-.374.092-.453.349l-1.453 4.753-1.07-2.53c-.078-.185-.245-.299-.436-.299-.154 0-.294.076-.385.209l-1.257 1.805-.087.058h-2.985c-.276 0-.5.224-.5.5s.224.5.5.5h3.284c.152 0 .296-.074.386-.206l.948-1.353 1.24 2.929c.079.187.241.299.433.299.211 0 .39-.138.455-.35l1.324-4.332 1.814 7.629c.068.283.282.384.46.384.203 0 .428-.131.473-.425l1.605-10.425 1.673 7.83c.058.272.277.395.467.395.202 0 .366-.12.441-.321l1.5-4.049 1.426 3.51c.077.189.245.306.438.306.152 0 .292-.075.382-.206l1.146-1.583.087-.046h3.026c.272 0 .492-.22.492-.492s-.22-.494-.492-.494h-3.322c-.151 0-.294.077-.383.207z"
            style={
              Object {
                "fill": "currentcolor",
              }
            }
          />
        </svg>
      </div>
      <div>
        Frequency
      </div>
    </a>
    <a
      aria-current={null}
      className="sc-gzVnrw fgbHMM sc-bdVaJa kdDfjo"
      href="/mass"
      onClick={[Function]}
      style={undefined}
    >
      <div
        className="sc-bZQynM dXgQaH"
      >
        <svg
          height="22"
          style={
            Object {
              "display": "inline-block",
              "verticalAlign": "middle",
            }
          }
          viewBox="0 0 24 24"
          width="22"
        >
          <path
            d="M23.993348983664756,10.463801137654162 c-0.0007518244310030841,-0.02675905720286185 -0.003007297724012332,-0.05301322653397147 -0.006014595448024662,-0.07926739586508129 c-0.003007297724012332,-0.024739505715853413 -0.005638683232523123,-0.04897412355995492 -0.009773717603040096,-0.07270385353230374 c-0.0045109465860184985,-0.022215066357092875 -0.009773717603040096,-0.04443013271418577 -0.015412400835563236,-0.06664519907127854 c-0.007142332094529294,-0.02675905720286185 -0.01428466418905854,-0.0525083386622196 -0.02330655736109559,-0.07724784437807283 c-0.00338320993951389,-0.008583093819785908 -0.004886858801520041,-0.01767107551132391 -0.007894156525532358,-0.026254169331109845 L20.127843671662433,0.40592984448042413 c-0.0003759122155015427,-0.001009775743504225 -0.0007518244310030841,-0.0015146636152563355 -0.0011277366465046268,-0.0025244393587605545 c-0.006390507663526229,-0.015146636152563297 -0.01428466418905854,-0.029283496561622366 -0.021426996283587903,-0.043925244842433576 c-0.007142332094529294,-0.015651524024315466 -0.0146605764045601,-0.030293272305126635 -0.022554732930092504,-0.044935020585937985 c-0.006390507663526229,-0.011612421050298551 -0.010901454249544721,-0.02423461784410132 -0.017667874128572424,-0.03534215102264779 c-0.0003759122155015427,0 -0.0003759122155015427,-0.0005048878717521119 -0.0007518244310030841,-0.0005048878717521119 c-0.00751824431003082,-0.01211730892205067 -0.016916049697569404,-0.022215066357092875 -0.024810206223101778,-0.033827487407391575 c-0.009397805387538581,-0.013631972537306986 -0.019547435206080127,-0.027263945074613997 -0.02969706502462179,-0.03988614186841674 c-0.007894156525532358,-0.010602645306794342 -0.015036488620061648,-0.022719954228845016 -0.02368246957659711,-0.03180793592038302 c-0.0022554732930092497,-0.0025244393587605545 -0.004886858801520041,-0.004039102974016886 -0.007142332094529294,-0.006563542332777448 c-0.006390507663526229,-0.006563542332777448 -0.012781015327052437,-0.011107533178546451 -0.019547435206080127,-0.017166187639571815 c-0.012029190896049306,-0.011612421050298551 -0.0240583817920987,-0.022719954228845016 -0.03759122155015411,-0.03332259953563934 c-0.009773717603040096,-0.008583093819785908 -0.019171522990578636,-0.018175963383075977 -0.029321152809120274,-0.025749281459357606 C19.89214671254297,0.08835537314834682 19.891394888111954,0.08734559740484223 19.890643063680958,0.08684070953309059 c-0.00751824431003082,-0.005553766589273218 -0.015412400835563236,-0.007573318076281674 -0.02330655736109559,-0.012622196793802751 c-0.0146605764045601,-0.009087981691537992 -0.029321152809120274,-0.017166187639571815 -0.04435764142918195,-0.024739505715853413 c-0.010901454249544721,-0.005553766589273218 -0.021426996283587903,-0.01211730892205067 -0.032704362748634135,-0.016661299767819677 c-0.009397805387538581,-0.004039102974016886 -0.019171522990578636,-0.005553766589273218 -0.0285693283781171,-0.009087981691537992 c-0.0146605764045601,-0.0050488787175210995 -0.02969706502462179,-0.008583093819785908 -0.04473355364468351,-0.011612421050298551 c-0.011277366465046233,-0.0025244393587605545 -0.022554732930092504,-0.00605865446102533 -0.033832099395138836,-0.007573318076281674 c-0.010901454249544721,-0.0015146636152563355 -0.02217882071459096,-0.001009775743504225 -0.03308027496413564,-0.0015146636152563355 c-0.007894156525532358,0 -0.0146605764045601,-0.003029327230512672 -0.022554732930092504,-0.003029327230512672 H4.367348124544884 c-0.00751824431003082,0 -0.01428466418905854,0.0025244393587605545 -0.021802908499089422,0.003029327230512672 c-0.010901454249544721,0.0005048878717521119 -0.02217882071459096,0 -0.03308027496413564,0.0015146636152563355 c-0.011277366465046233,0.0015146636152563355 -0.02217882071459096,0.0050488787175210995 -0.03308027496413564,0.007573318076281674 c-0.015788313051064776,0.003534215102264788 -0.03120071388662792,0.007068430204529574 -0.04661311472219124,0.01211730892205067 c-0.009021893172037007,0.003029327230512672 -0.01841969855957549,0.0050488787175210995 -0.027441591731612466,0.008583093819785908 c-0.010149629818541606,0.004039102974016886 -0.019923347421581684,0.010602645306794342 -0.030072977240123384,0.015146636152563297 c-0.017291961913070936,0.008583093819785908 -0.033832099395138836,0.01767107551132391 -0.05037223687720641,0.02827372081811824 c-0.006390507663526229,0.004039102974016886 -0.013156927542553916,0.00605865446102533 -0.019547435206080127,0.010602645306794342 C4.104585485909314,0.08734559740484223 4.103833661478306,0.08835537314834682 4.103457749262803,0.0888602610200988 c-0.009021893172037007,0.006563542332777448 -0.016916049697569404,0.015146636152563297 -0.02593794286960635,0.022215066357092875 c-0.015788313051064776,0.012622196793802751 -0.03120071388662792,0.02675905720286185 -0.0462372025066896,0.04190569335542521 c-0.003007297724012332,0.003029327230512672 -0.006766419879027744,0.005553766589273218 -0.009397805387538581,0.008583093819785908 c-0.0037591221550154113,0.004039102974016886 -0.008270068741033938,0.006563542332777448 -0.011653278680547765,0.010602645306794342 c-0.007142332094529294,0.007573318076281674 -0.012781015327052437,0.01767107551132391 -0.019547435206080127,0.025749281459357606 c-0.013908751973557001,0.016661299767819677 -0.026689767300609443,0.033827487407391575 -0.039094870412160275,0.0525083386622196 c-0.012029190896049306,0.018175963383075977 -0.02368246957659711,0.03685681463790411 -0.03458392382614191,0.056042553764484214 s-0.020675171852584814,0.03988614186841674 -0.030448889455624857,0.06058654461025327 c-0.0052627710170215815,0.01211730892205067 -0.012029190896049306,0.023224842100597116 -0.016916049697569404,0.035847038894399844 c-0.0003759122155015427,0.0005048878717521119 -0.0007518244310030841,0.0015146636152563355 -0.0011277366465046268,0.0025244393587605545 L0.06503281812976885,10.141682675476318 c-0.00338320993951389,0.008583093819785908 -0.004886858801520041,0.01767107551132391 -0.007894156525532358,0.026254169331109845 c-0.008645980956535458,0.024739505715853413 -0.01616422526656627,0.05099367504696309 -0.02330655736109559,0.07724784437807283 c-0.006014595448024662,0.022215066357092875 -0.011277366465046233,0.04443013271418577 -0.015788313051064776,0.0671500869430304 c-0.004135034370516945,0.023224842100597116 -0.007142332094529294,0.04695457207294642 -0.009773717603040096,0.07068430204529552 c-0.003007297724012332,0.027263945074613997 -0.0052627710170215815,0.054023002277475966 -0.006014595448024662,0.08128694735209006 c-0.0003759122155015427,0.009592869563290118 -0.0022554732930092497,0.019185739126580167 -0.0022554732930092497,0.02877860868987029 c0,0.01868085125482804 0.002631385508510791,0.03635192676615197 0.003007297724012332,0.05452789014922804 c0.0007518244310030841,0.013631972537306986 0.0011277366465046268,0.027768832946365996 0.0022554732930092497,0.04140080548367303 c0.056386832325231145,2.1164899583848356 1.9498566618064839,3.761414644553203 4.361709436464362,3.761414644553203 s4.305322604139128,-1.6449246861683684 4.361709436464362,-3.761414644553203 c0.0011277366465046268,-0.013631972537306986 0.0015036488620061698,-0.027263945074613997 0.0022554732930092497,-0.04140080548367303 c0,-0.01868085125482804 0.003007297724012332,-0.03635192676615197 0.003007297724012332,-0.05452789014922804 c0,-0.010097757435042211 -0.001879561077507707,-0.019185739126580167 -0.0022554732930092497,-0.02877860868987029 c-0.0007518244310030841,-0.027263945074613997 -0.003007297724012332,-0.05452789014922804 -0.006014595448024662,-0.08179183522384227 c-0.002631385508510791,-0.023729729972349227 -0.005638683232523123,-0.047459459944698475 -0.009773717603040096,-0.07068430204529552 c-0.004135034370516945,-0.022719954228845016 -0.009773717603040096,-0.044935020585937985 -0.015788313051064776,-0.0671500869430304 c-0.006766419879027744,-0.02675905720286185 -0.01428466418905854,-0.0525083386622196 -0.02330655736109559,-0.07724784437807283 c-0.003007297724012332,-0.008583093819785908 -0.0045109465860184985,-0.01767107551132391 -0.007894156525532358,-0.026254169331109845 L5.299986331204202,1.5146636108480505 H11.434121863758321 V22.528096833170782 h-2.329527999463039 c-0.3116312266507776,0 -0.5638683232523095,0.33928464981741924 -0.5638683232523095,0.7573318076281627 s0.25223709660153326,0.7573318076281627 0.5638683232523095,0.7573318076281627 h5.786416733215194 c0.31125531443527577,0 0.5638683232523095,-0.33928464981741924 0.5638683232523095,-0.7573318076281627 s-0.25261300881703525,-0.7573318076281627 -0.5638683232523095,-0.7573318076281627 H12.561858510262939 V1.5146636108480505 h6.134135532554118 l-3.370804836402304,8.62651417675651 c-0.00338320993951389,0.008583093819785908 -0.004886858801520041,0.01767107551132391 -0.007894156525532358,0.026254169331109845 c-0.008645980956535458,0.024739505715853413 -0.01616422526656627,0.05099367504696309 -0.02330655736109559,0.07724784437807283 c-0.005638683232523123,0.022215066357092875 -0.010901454249544721,0.04443013271418577 -0.015412400835563236,0.0671500869430304 c-0.0045109465860184985,0.023224842100597116 -0.007142332094529294,0.047459459944698475 -0.009773717603040096,0.07169407778879976 c-0.003007297724012332,0.02675905720286185 -0.0052627710170215815,0.05301322653397147 -0.006014595448024662,0.07977228373683354 c-0.0003759122155015427,0.010097757435042211 -0.0022554732930092497,0.019690626998332312 -0.0022554732930092497,0.029788384433374494 c0,0.019185739126580167 0.003007297724012332,0.03736170250965611 0.003007297724012332,0.056042553764484214 c0.0007518244310030841,0.013127084665554862 0.0011277366465046268,0.026254169331109845 0.0022554732930092497,0.03887636612491252 c0.05601092010972982,2.1164899583848356 1.9498566618064839,3.7619195324249537 4.3624612608953655,3.7619195324249537 c2.4126045990888803,0 4.3056985163546315,-1.6454295740401212 4.362085348679863,-3.7619195324249537 c0.0011277366465046268,-0.012622196793802751 0.0015036488620061698,-0.025749281459357606 0.0022554732930092497,-0.03887636612491252 c0,-0.01868085125482804 0.003007297724012332,-0.03736170250965611 0.003007297724012332,-0.056042553764484214 C23.99560445695776,10.483491764652495 23.99372489588026,10.473898895089205 23.993348983664756,10.463801137654162 zM7.23818971433014,9.736257714459375 H1.4965065347596278 l2.8708415897852553,-7.348642973351929 L7.23818971433014,9.736257714459375 zM19.628632249476386,2.387109853235694 l2.8708415897852553,7.348642973351929 H16.757038835260126 L19.628632249476386,2.387109853235694 z"
            style={
              Object {
                "fill": "currentcolor",
              }
            }
          />
        </svg>
      </div>
      <div>
        Mass
      </div>
    </a>
    <a
      aria-current={null}
      className="sc-gzVnrw fgbHMM sc-bdVaJa kdDfjo"
      href="/electriccurrent"
      onClick={[Function]}
      style={undefined}
    >
      <div
        className="sc-bZQynM dXgQaH"
      >
        <svg
          height="22"
          style={
            Object {
              "display": "inline-block",
              "verticalAlign": "middle",
            }
          }
          viewBox="0 0 24 24"
          width="22"
        >
          <path
            d="M8 24l2.674-9h-9.674l16-15-2.674 9h8.674l-15 15zm-1.586-11h6.912l-1.326 4 5.739-6h-6.065l1.304-4-6.564 6z"
            style={
              Object {
                "fill": "currentcolor",
              }
            }
          />
        </svg>
      </div>
      <div>
        Electric Current
      </div>
    </a>
    <a
      aria-current={null}
      className="sc-gzVnrw fgbHMM sc-bdVaJa kdDfjo"
      href="/temperature"
      onClick={[Function]}
      style={undefined}
    >
      <div
        className="sc-bZQynM dXgQaH"
      >
        <svg
          height="22"
          style={
            Object {
              "display": "inline-block",
              "verticalAlign": "middle",
            }
          }
          viewBox="0 0 24 24"
          width="22"
        >
          <path
            d="M8.5 2c.827 0 1.5.673 1.5 1.5v7.525c0 1.569.514 2.287 1.411 3.05 1.01.858 1.589 2.106 1.589 3.425 0 2.481-2.019 4.5-4.5 4.5s-4.5-2.019-4.5-4.5c0-1.319.579-2.567 1.59-3.425.896-.761 1.41-1.48 1.41-3.05v-7.525c0-.827.673-1.5 1.5-1.5zm0-2c-1.933 0-3.5 1.567-3.5 3.5v7.525c0 .587-.258 1.145-.705 1.525-1.403 1.192-2.295 2.965-2.295 4.95 0 3.59 2.909 6.5 6.5 6.5s6.5-2.91 6.5-6.5c0-1.985-.892-3.758-2.295-4.95-.447-.38-.705-.938-.705-1.525v-7.525c0-1.933-1.567-3.5-3.5-3.5zm2.107 14.718c-1.012-.89-1.607-1.734-1.607-3.22v-6.498h-1v6.498c0 1.484-.597 2.332-1.607 3.22-.794.698-1.393 1.642-1.393 2.782 0 1.933 1.567 3.5 3.5 3.5s3.5-1.567 3.5-3.5c0-1.14-.599-2.083-1.393-2.782zm11.393"
            style={
              Object {
                "fill": "currentcolor",
              }
            }
          />
        </svg>
      </div>
      <div>
        Temperature
      </div>
    </a>
    <a
      aria-current={null}
      className="sc-gzVnrw fgbHMM sc-bdVaJa kdDfjo"
      href="/force"
      onClick={[Function]}
      style={undefined}
    >
      <div
        className="sc-bZQynM dXgQaH"
      >
        <svg
          height="22"
          style={
            Object {
              "display": "inline-block",
              "verticalAlign": "middle",
            }
          }
          viewBox="0 0 24 24"
          width="22"
        >
          <path
            d="M16 8v-4l8 8-8 8v-4h-5v-8h5zm-7 0h-2v8h2v-8zm-4.014 0h-1.986v8h1.986v-8zm-3.986 0h-1v8h1v-8z"
            style={
              Object {
                "fill": "currentcolor",
              }
            }
          />
        </svg>
      </div>
      <div>
        Force
      </div>
    </a>
    <a
      aria-current={null}
      className="sc-gzVnrw fgbHMM sc-bdVaJa kdDfjo"
      href="/energy"
      onClick={[Function]}
      style={undefined}
    >
      <div
        className="sc-bZQynM dXgQaH"
      >
        <svg
          height="22"
          style={
            Object {
              "display": "inline-block",
              "verticalAlign": "middle",
            }
          }
          viewBox="0 0 24 24"
          width="22"
        >
          <path
            d="M7.467 0c1.102.018 5.555 2.549 6.386 8.558.905-.889 1.409-3.664 1.147-4.843 3.952 2.969 6 6.781 6 11.034 0 5.094-3.43 9.251-8.963 9.251-5.728 0-9.037-3.753-9.037-8.276 0-6.26 5.052-7.62 4.467-15.724zm3.262 19.743c-.749.848-.368 1.945.763 2.045 1.035.093 1.759-.812 2.032-1.792.273-.978.09-2.02-.369-2.893-.998 1.515-1.52 1.64-2.426 2.64zm4.42 1.608c2.49-1.146 3.852-3.683 3.852-6.58 0-2.358-.94-4.977-2.5-7.04-.743 2.867-2.924 3.978-4.501 4.269.05-3.219-.318-6.153-2.602-8.438-.296 4.732-4.321 7.63-4.398 12.114-.029 1.511.514 3.203 1.73 4.415.491.489 1.054.871 1.664 1.16-.121-.608-.062-1.254.195-1.848.911-2.106 3.333-2.321 4.202-5.754.952.749 3.275 3.503 2.778 6.358-.082.469-.224.923-.42 1.344z"
            style={
              Object {
                "fill": "currentcolor",
              }
            }
          />
        </svg>
      </div>
      <div>
        Energy
      </div>
    </a>
    <a
      aria-current={null}
      className="sc-gzVnrw fgbHMM sc-bdVaJa kdDfjo"
      href="/power"
      onClick={[Function]}
      style={undefined}
    >
      <div
        className="sc-bZQynM dXgQaH"
      >
        <svg
          height="22"
          style={
            Object {
              "display": "inline-block",
              "verticalAlign": "middle",
            }
          }
          viewBox="0 0 24 24"
          width="22"
        >
          <path
            d="M14 12h-4v-12h4v12zm4.213-10.246l-1.213 1.599c2.984 1.732 5 4.955 5 8.647 0 5.514-4.486 10-10 10s-10-4.486-10-10c0-3.692 2.016-6.915 5-8.647l-1.213-1.599c-3.465 2.103-5.787 5.897-5.787 10.246 0 6.627 5.373 12 12 12s12-5.373 12-12c0-4.349-2.322-8.143-5.787-10.246z"
            style={
              Object {
                "fill": "currentcolor",
              }
            }
          />
        </svg>
      </div>
      <div>
        Power
      </div>
    </a>
    <a
      aria-current={null}
      className="sc-gzVnrw fgbHMM sc-bdVaJa kdDfjo"
      href="/pressure"
      onClick={[Function]}
      style={undefined}
    >
      <div
        className="sc-bZQynM dXgQaH"
      >
        <svg
          height="22"
          style={
            Object {
              "display": "inline-block",
              "verticalAlign": "middle",
            }
          }
          viewBox="0 0 24 24"
          width="22"
        >
          <path
            d="M8.206051845763435,24.489132932411792 H15.927402863650695 a0.48258443861795475,0.4372893850403763 0 0 0 0.48258443861795475,-0.4372893850403763 V21.130750455301715 a12.064610965448841,10.932234626009382 0 1 0 -14.02872963062391,-3.6776037281895566 a0.48258443861795475,0.4372893850403763 0 0 0 0.7769609461749056,-0.5203743681980468 A11.099442088212935,10.05765585592863 0 1 1 12.066727354707067,20.990817852088792 a11.099442088212935,10.05765585592863 0 0 1 -5.207086092687721,-1.1719355519082062 a0.48258443861795475,0.4372893850403763 0 0 0 -0.4536293723008778,0.7740022115214641 A11.890880567546377,10.774810447394849 0 0 0 7.723467407145482,21.135123349152117 V24.051843547371416 A0.48258443861795475,0.4372893850403763 0 0 0 8.206051845763435,24.489132932411792 zm7.238766579269305,-3.061025695282627 v2.186446925201876 H8.688636284381392 V21.42810723712917 a11.987397455269969,10.862268324402923 0 0 0 6.756182140651351,0 z\\" id=\\"svg_1\\" class=\\"\\"/><path d=\\"M3.4767243473074876,17.986639776861416 a0.48258443861795475,0.4372893850403763 0 0 0 0,0.6165780329069295 a12.165953697558614,11.024065396867863 0 0 0 1.220938629703423,0.9795282224904408 a0.48258443861795475,0.4372893850403763 0 1 0 0.5887530151139041,-0.6909172283637938 a11.210436509095064,10.158232414487918 0 0 1 -1.1244217419798321,-0.9008161331831745 A0.48258443861795475,0.4372893850403763 0 0 0 3.4767243473074876,17.986639776861416 z\\" id=\\"svg_2\\" class=\\"\\"/><path d=\\"M18.86634209483403,17.129552582182285 l0,0 l0,0 a9.651688772359073,8.745787700807504 0 0 0 0,-12.32718776428818 l0,0 l0,0 a9.651688772359073,8.745787700807504 0 0 0 -13.594403635867758,0 l-0.02895506631707731,0 s0,0.021864469252018834 0,0.030610256952826417 a9.603430328497277,8.702058762303466 0 0 0 -2.2343659508011253,3.187839616944336 a0.48258443861795475,0.4372893850403763 0 0 0 0.9072587446017537,0.2973567818274563 A8.638261451261368,7.827479992222714 0 0 1 5.595270032840304,5.6856893756756595 l1.3560622725164504,1.228783171963455 a0.48258443861795475,0.4372893850403763 0 0 0 0.6804440584513148,-0.6165780329069295 L6.275714091291622,5.073484236619136 A8.686519895123165,7.871208930726755 0 0 1 11.584142916089112,3.0619530654334097 v1.7491575401615012 a0.48258443861795475,0.4372893850403763 0 0 0 0.9651688772359066,0 V3.08381753468543 A8.638261451261368,7.827479992222714 0 0 1 17.857740618122506,5.073484236619136 l-1.3464105837440907,1.2200373842626469 a0.48258443861795475,0.4372893850403763 0 1 0 0.6804440584513148,0.6165780329069295 L18.53335883218764,5.6856893756756595 a8.638261451261368,7.827479992222714 0 0 1 2.1957591957116893,4.8101832354441285 H18.822909495358413 a0.48258443861795475,0.4372893850403763 0 0 0 0,0.8745787700807512 h1.9062085325409146 A8.638261451261368,7.827479992222714 0 0 1 18.53335883218764,16.180634616644667 l-1.3464105837440907,-1.2200373842626469 a0.48258443861795475,0.4372893850403763 0 0 0 -0.6804440584513148,0.6165780329069295 L17.857740618122506,16.792839755701195 a8.686519895123165,7.871208930726755 0 0 1 -11.582026526830887,0 l1.3560622725164504,-1.228783171963455 a0.48258443861795475,0.4372893850403763 0 0 0 -0.6804440584513148,-0.6165780329069295 L5.595270032840304,16.180634616644667 a8.686519895123165,7.871208930726755 0 0 1 -1.5153151372603748,-2.1470908805482423 a0.48258443861795475,0.4372893850403763 0 1 0 -0.8879553670570361,0.3454586141818975 a9.651688772359073,8.745787700807504 0 0 0 2.046158019740124,2.7374315503527487 h0 a9.651688772359073,8.745787700807504 0 0 0 13.618532857798652,0 z\\" id=\\"svg_3\\" class=\\"\\"/><path d=\\"M3.056875885709869,9.32830995306199 a0.48258443861795475,0.4372893850403763 0 0 0 -0.5453204156382887,0.3716959772843197 A9.806115792716819,8.885720304020426 0 0 0 2.415038582347992,10.933161996160168 a9.690295527448509,8.780770851610734 0 0 0 0.2654214412398752,2.0421414281385526 a0.48258443861795475,0.4372893850403763 0 0 0 0.48258443861795475,0.3367128264810895 l0.11099442088212967,0 a0.48258443861795475,0.4372893850403763 0 0 0 0.35711248457728634,-0.5291201558988538 A8.686519895123165,7.871208930726755 0 0 1 3.3802074595838967,11.370451381200539 h1.9303377544718145 a0.48258443861795475,0.4372893850403763 0 0 0 0,-0.8745787700807512 H3.3802074595838967 c0,-0.2273904802209955 0.033780910703257,-0.4372893850403763 0.06756182140651386,-0.6734256529621786 A0.48258443861795475,0.4372893850403763 0 0 0 3.056875885709869,9.32830995306199 z\\" id=\\"svg_4\\" class=\\"\\"/><path d=\\"M7.12023685887304,10.933161996160168 a4.946490495834024,4.482216196663846 0 0 1 2.1812816625531504,-3.7169597728431896 a0.48258443861795475,0.4372893850403763 0 0 0 -0.5404945712521088,-0.7259003791670234 A5.9116593730699325,5.356794966744598 0 0 0 6.1550679816371305,10.933161996160168 a0.48258443861795475,0.4372893850403763 0 0 0 0.9651688772359066,0 z\\" id=\\"svg_5\\" class=\\"\\"/><path d=\\"M10.739620148507694,10.53085576192302 a1.3078038286546554,1.1850542334594176 0 0 0 -0.125471954040668,0.23176337407139927 A1.9303377544718145,1.7491575401615012 0 1 0 14.291441616735828,11.807740766240915 c0,-0.06996630160646021 0.09651688772359102,-0.28423810027624435 0.24129221930897732,-5.10316712342118 a0.48258443861795475,0.4372893850403763 0 0 0 -0.8831295226708555,-0.2536278433234179 L12.872643367199052,7.52230479284524 A0.48258443861795475,0.4372893850403763 0 0 0 13.514480670560927,8.143255719602573 c-0.053084288247975044,1.5567502107437359 -0.11582026526830934,3.2228227677475663 -0.14960117597156572,3.410857203314927 a0.9651688772359066,0.8745787700807512 0 0 1 -1.8531242442929419,-0.48976411124521957 l0.053084288247975044,-0.08745787700807515 a0.48258443861795475,0.4372893850403763 0 0 0 -0.8348710788090605,-0.4372893850403763 z\\" id=\\"svg_6\\" class=\\"\\"/><path d=\\"M11.777176691536292,10.285973706300407 a0.48258443861795475,0.4372893850403763 0 0 0 0.4053709284390816,-0.20115311711857317 l0.7480058798578271,-1.045121630246497 a0.48258443861795475,0.4372893850403763 0 0 0 -0.8107418568781625,-0.4766454296940095 L11.37180576309721,9.62129384103904 a0.48258443861795475,0.4372893850403763 0 0 0 0.4053709284390816,0.6734256529621786 z"
            style={
              Object {
                "fill": "currentcolor",
              }
            }
          />
        </svg>
      </div>
      <div>
        Pressure
      </div>
    </a>
    <a
      aria-current={null}
      className="sc-gzVnrw fgbHMM sc-bdVaJa kdDfjo"
      href="/datastorage"
      onClick={[Function]}
      style={undefined}
    >
      <div
        className="sc-bZQynM dXgQaH"
      >
        <svg
          height="22"
          style={
            Object {
              "display": "inline-block",
              "verticalAlign": "middle",
            }
          }
          viewBox="0 0 24 24"
          width="22"
        >
          <path
            d="M14 3h2.997v5h-2.997v-5zm9 1v20h-22v-24h17.997l4.003 4zm-17 5h12v-7h-12v7zm14 4h-16v9h16v-9z"
            style={
              Object {
                "fill": "currentcolor",
              }
            }
          />
        </svg>
      </div>
      <div>
        Data Storage
      </div>
    </a>
  </div>
  <div
    className="sc-kGXeez lbjkZM"
  >
    <div
      className="sc-kgoBCf ixGjKp"
    >
      <div
        className="sc-jzJRlG jATyzh"
        name="left"
      >
        <input
          className="sc-cSHVUG iYCzAY"
          name="leftInput"
          onChange={[Function]}
          type="text"
          value=""
        />
        <div
          className="sc-VigVT kKkrDL"
          onBlur={[Function]}
          onFocus={[Function]}
        >
          <button
            className="sc-iwsKbI jScxXG"
            name="header"
            onClick={[Function]}
            onFocus={[Function]}
            tabIndex="0"
          >
            Centimeter
          </button>
          <button
            className="sc-jTzLTM fnqcSu"
            name="arrow"
            onClick={[Function]}
            tabIndex="-1"
          >
            <svg
              height="0.9em"
              style={
                Object {
                  "display": "inline-block",
                  "verticalAlign": "middle",
                }
              }
              viewBox="0 0 24 24"
              width="0.9em"
            >
              <path
                d="M0 7.33l2.829-2.83 9.175 9.339 9.167-9.339 2.829 2.83-11.996 12.17z"
                style={
                  Object {
                    "fill": "currentcolor",
                  }
                }
              />
            </svg>
          </button>
        </div>
      </div>
      <div
        className="sc-kAzzGY eaGXLG"
      >
        <div
          className="sc-chPdSV bAtvxP"
        >
          <svg
            height="60"
            style={
              Object {
                "display": "inline-block",
                "verticalAlign": "middle",
              }
            }
            viewBox="0 0 24 24"
            width="60"
          >
            <path
              d="M24 11.871l-5-4.871v3h-19v4h19v3z"
              style={
                Object {
                  "fill": "currentcolor",
                }
              }
            />
          </svg>
        </div>
        <div
          className="sc-chPdSV ifgcAW"
        >
          <svg
            height="60"
            style={
              Object {
                "display": "inline-block",
                "verticalAlign": "middle",
              }
            }
            viewBox="0 0 24 24"
            width="60"
          >
            <path
              d="M24 11.871l-5-4.871v3h-19v4h19v3z"
              style={
                Object {
                  "fill": "currentcolor",
                }
              }
            />
          </svg>
        </div>
      </div>
      <div
        className="sc-jzJRlG igVhyi"
        name="right"
      >
        <input
          className="sc-cSHVUG iYCzAY"
          name="rightInput"
          onChange={[Function]}
          type="text"
          value=""
        />
        <div
          className="sc-VigVT kKkrDL"
          onBlur={[Function]}
          onFocus={[Function]}
        >
          <button
            className="sc-iwsKbI jScxXG"
            name="header"
            onClick={[Function]}
            onFocus={[Function]}
            tabIndex="0"
          >
            Meter
          </button>
          <button
            className="sc-jTzLTM fnqcSu"
            name="arrow"
            onClick={[Function]}
            tabIndex="-1"
          >
            <svg
              height="0.9em"
              style={
                Object {
                  "display": "inline-block",
                  "verticalAlign": "middle",
                }
              }
              viewBox="0 0 24 24"
              width="0.9em"
            >
              <path
                d="M0 7.33l2.829-2.83 9.175 9.339 9.167-9.339 2.829 2.83-11.996 12.17z"
                style={
                  Object {
                    "fill": "currentcolor",
                  }
                }
              />
            </svg>
          </button>
        </div>
      </div>
    </div>
  </div>
</div>
`;
