// Jest Snapshot v1, https://goo.gl/fbAQLP

exports[`InputUnit should render an input element, with the correct props 1`] = `ShallowWrapper {}`;
